// Jest Snapshot v1, https://goo.gl/fbAQLP

exports[`encode/decode 1`] = `
Object {
  "accounts": Array [
    Object {
      "balance": "15710290533550751349",
      "currencyId": "ethereum",
      "derivationMode": "",
      "id": "mock:1:ethereum:export_0:",
      "index": 1,
      "name": "qfLJHUiyMqUUN",
      "seedIdentifier": "mock",
    },
    Object {
      "balance": "53736258",
      "currencyId": "bitcoin_cash",
      "derivationMode": "",
      "id": "mock:1:bitcoin_cash:export_1:",
      "index": 1,
      "name": "Y4SYkWgSWIIZptphvAu",
      "seedIdentifier": "mock",
    },
    Object {
      "balance": "128088571428550",
      "currencyId": "dogecoin",
      "derivationMode": "",
      "id": "mock:1:dogecoin:export_2:",
      "index": 1,
      "name": "s9dZEiOrwfEPOXbKgNKq88aQZ",
      "seedIdentifier": "mock",
    },
  ],
  "meta": Object {
    "exporterName": "test",
    "exporterVersion": "0.0.0",
  },
  "settings": Object {
    "counterValue": "USD",
    "counterValueExchange": "KRAKEN",
    "currenciesSettings": Object {
      "bitcoin": Object {
        "exchange": "KRAKEN",
      },
    },
  },
}
`;
